
> temp-vite-app@0.0.0 build
> tsc -b && cross-env NODE_OPTIONS=--max-old-space-size=4096 vite build

[36mvite v6.4.2 [32mbuilding for production...[36m[39m
transforming...
[32m笨・[39m 2384 modules transformed.
